// Jest Snapshot v1, https://goo.gl/fbAQLP

exports[`Login component tests Snapshot test 1`] = `
<button
  className=" outline-double bg-grey h-10 p-2 hover:bg-black hover:text-white rounded-sm hover:shadow-md transition duration-300 ease-in-out"
  disabled={false}
  onClick={[Function]}
>
  Click me
</button>
`;
