// Jest Snapshot v1, https://goo.gl/fbAQLP

exports[`Button contained snapshot test 1`] = `
<button
  disabled={false}
  onClick={[Function]}
  style={
    {
      "background": "#86efac",
      "border": "none",
      "borderColor": "#a4cafe",
      "borderRadius": 4,
      "color": undefined,
      "fontSize": 14,
      "fontWeight": "400",
      "lineHeight": 1.5,
      "padding": "4px 8px",
    }
  }
  tabIndex={0}
>
  Click me
</button>
`;
